search_path
"$user", public
(1 row)
missing_ok
NULL
(1 row)
prev_timeout
200ms
(1 row)
statement_timeout
200ms
(1 row)
prev_sp
public, ss_s1
(1 row)
search_path
public, ss_s1
(1 row)
tz_notempty
t
(1 row)
sp_len
t
(1 row)
scs_check
t
(1 row)
unknown_null
t
(1 row)
text_missing_ok
t
(1 row)
null_name
t
(1 row)
null_missing_ok
t
(1 row)
current_setting
Asia/Shanghai
(1 row)
current_setting
UTC
(1 row)
