?column?
TRIGGER_STILL=1
(1 row)
?column?
FUNC_STILL=1
(1 row)
?column?
TRIGGER_LEFT=0
(1 row)
?column?
FUNC_LEFT=0
(1 row)
ERROR:  cannot drop function ft_drop_fn_deps_set_updated_at() because other objects depend on it
DETAIL:  trigger ft_drop_fn_deps_trg on table t depends on function ft_drop_fn_deps_set_updated_at()
HINT:  Use DROP ... CASCADE to drop the dependent objects too.
