to_tsvector
'the':1A 'quick':2A 'brown':3A 'fox':4A
(1 row)
to_tsvector
'hello':1A 'world':2A
(1 row)
plainto_tsquery
'quick' & 'fox'
(1 row)
plainto_tsquery
'hello' & 'world'
(1 row)
to_tsquery
hello & world
(1 row)
?column?
t
(1 row)
?column?
f
(1 row)
?column?
t
(1 row)
ts_rank
0
(1 row)
setweight
'hello':1A 'world':2A
(1 row)
to_tsvector
NULL
(1 row)
plainto_tsquery
NULL
(1 row)
?column?
NULL
(1 row)
id|title
1|PostgreSQL Guide
3|SQL Tutorial
(2 rows)
id|title|rank
1|PostgreSQL Guide|1
3|SQL Tutorial|1
(2 rows)
id|title
(0 rows)
