to_tsvector
'brown':3 'fox':4 'quick':2
(1 row)
to_tsvector
'hello':1 'world':2
(1 row)
plainto_tsquery
'quick' & 'fox'
(1 row)
plainto_tsquery
'hello' & 'world'
(1 row)
to_tsquery
'hello' & 'world'
(1 row)
?column?
t
(1 row)
?column?
f
(1 row)
?column?
t
(1 row)
ts_rank
1e-20
(1 row)
setweight
'hello':1A 'world':2A
(1 row)
to_tsvector
NULL
(1 row)
plainto_tsquery
NULL
(1 row)
?column?
NULL
(1 row)
id|title
1|PostgreSQL Guide
3|SQL Tutorial
(2 rows)
id|title|rank
1|PostgreSQL Guide|0.06079271
3|SQL Tutorial|0.06079271
(2 rows)
id|title
(0 rows)
