?column?
Hello World
(1 row)
?column?
Count: 42
(1 row)
case
yes
(1 row)
case
no
(1 row)
case
two
(1 row)
upper
HELLO
(1 row)
lower
hello
(1 row)
length
5
(1 row)
concat
abc
(1 row)
left
he
(1 row)
right
lo
(1 row)
replace
hello there
(1 row)
reverse
olleh
(1 row)
repeat
ababab
(1 row)
abs
5
(1 row)
ceil
5
(1 row)
floor
4
(1 row)
round
4.57
(1 row)
sqrt
4
(1 row)
power
1024
(1 row)
mod
2
(1 row)
sign
-1
(1 row)
coalesce
default
(1 row)
coalesce
first
(1 row)
nullif
NULL
(1 row)
nullif
5
(1 row)
greatest
5
(1 row)
least
1
(1 row)
id|name
1|Alice
(1 row)
id|name
1|Alice
3|Charlie
(2 rows)
id|name
2|Bob
3|Charlie
4|David
(3 rows)
id|name
1|Alice
(1 row)
text
123
(1 row)
int4
456
(1 row)
int4
3
(1 row)
btrim
hello
(1 row)
ltrim
hello
(1 row)
rtrim
hello
(1 row)
position
4
(1 row)
substring
ell
(1 row)
substring
ello
(1 row)
?column?
t
(1 row)
?column?
f
(1 row)
?column?
t
(1 row)
?column?
t
(1 row)
?column?
f
(1 row)
?column?
t
(1 row)
?column?
t
(1 row)
?column?
f
(1 row)
?column?
t
(1 row)
category|sum
B|40
A|30
(2 rows)
category|count
B|2
A|2
(2 rows)
