first_name|last_name|email|phone
John|Smith|john.smith@example.com|408-237-2345
(1 row)
first_name|last_name|email|phone
Jane|Doe|jane.doe@example.com|408-237-2346
(1 row)
first_name|last_name|email|phone
Jane|Doe|jane.doe@example.com|408-237-2346
John|Smith|john.smith@example.com|408-237-2345
(2 rows)
contact_id|first_name|last_name|email|phone
550e8400-e29b-41d4-a716-446655440000|Bob|Wilson|bob@example.com|408-111-2222
(1 row)
contact_id|first_name|last_name|email|phone
550e8400-e29b-41d4-a716-446655440000|Bob|Wilson|bob@example.com|408-111-2222
(1 row)
uuid_length
36
(1 row)
