# unordered
table_name
actor
address
category
city
country
customer
film_actor
film_category
inventory
language
payment
rental
staff
store
(14 rows)
actor_id|first_name|last_name|last_update
1|PENELOPE|GUINESS|2024-01-15 10:00:00
2|NICK|WAHLBERG|2024-01-15 10:00:00
(2 rows)
category_id|name|last_update
1|Action|2024-01-15 10:00:00
2|Animation|2024-01-15 10:00:00
(2 rows)
country_id|country|last_update
1|Afghanistan|2024-01-15 10:00:00
2|Algeria|2024-01-15 10:00:00
(2 rows)
