scheduled
t
(1 row)
scheduled
t
(1 row)
is_anon|schedule|command|active|jobname
t|* * * * *|SELECT 1|t|NULL
f|*/5 * * * *|SELECT 1|t|test_job
(2 rows)
alter_job
NULL
(1 row)
active
f
(1 row)
alter_job
NULL
(1 row)
active
t
(1 row)
unschedule
t
(1 row)
count
0
(1 row)
unschedule
t
(1 row)
count
0
(1 row)
count
0
(1 row)
