 json_object_keys
------------------
 a
 b
(2 rows)

 json_array_elements
---------------------
 1
 2
 3
(3 rows)

 json_array_elements_text
--------------------------
 x
 y
(2 rows)

 json_array_elements
---------------------
 {"b":1,"a":2}
 [3,4]
(2 rows)

 json_array_elements
---------------------
 {"a":1}
 2
(2 rows)

 json_array_elements
---------------------
(0 rows)

 json_array_elements
---------------------
(0 rows)

 json_object_keys
------------------
 b
 a
(2 rows)

 json_array_elements_text
--------------------------
 {"b":1,"a":2}
(1 row)

 json_array_elements_text
--------------------------
 1
 hello

 true
 {"z":1,"a":2}
(5 rows)

ERROR:  cannot call json_object_keys on an array
ERROR:  cannot call json_object_keys on a scalar
ERROR:  cannot call json_array_elements on a non-array
ERROR:  cannot call json_array_elements_text on a non-array

