NOTICE:  table "for_update_alias_2110" does not exist, skipping
 id | val
----+-----
  1 | a
  2 | b
  3 | c
(3 rows)

 id | val
----+-----
  1 | a
  2 | b
  3 | c
(3 rows)

 id
----
  1
  2
  3
(3 rows)

NOTICE:  table "no_pk_2110" does not exist, skipping
ERROR:  FOR UPDATE/SHARE requires primary key
ERROR:  FOR UPDATE/SHARE requires primary key
