 id |   x   |  val
----+-------+-------
  1 | hello | alpha
  2 | foo   | beta
(2 rows)

 id |   x   | id |  val
----+-------+----+-------
  1 | hello |  1 | alpha
  2 | foo   |  2 | beta
(2 rows)

 id |   x   | cnt
----+-------+-----
  1 | hello |   1
  2 | foo   |   1
(2 rows)

 id |   val
----+---------
  1 | updated
  2 | beta
(2 rows)

 id |   val
----+---------
  1 | updated
(1 row)

 a_id | b_id |   x   |  bx
------+------+-------+-------
    1 |    1 | hello | hello
    2 |    2 | foo   | foo
(2 rows)

NOTICE:  table "t2126_a" does not exist, skipping
NOTICE:  table "t2126_b" does not exist, skipping
