psql:tests/219_gin_chinese_fts.sql:4: NOTICE:  table "articles" does not exist, skipping
 id |   title    
----+------------
  1 | 数据库技术
(1 row)

 id | title 
----+-------
(0 rows)

 id |    title     |    rank    
----+--------------+------------
  3 | 机器学习入门 | 0.06079271
(1 row)

 id |    title     
----+--------------
  4 | 自然语言处理
(1 row)

 id |      title       
----+------------------
  5 | Database Systems
(1 row)

 id |     title      
----+----------------
  1 | 数据库技术
  6 | PostgreSQL教程
(2 rows)

        to_tsvector        
---------------------------
 '我':1A '爱':2A '中国':3A
(1 row)

       plainto_tsquery        
------------------------------
 '人工智能' & '机器' & '学习'
(1 row)

psql:tests/219_gin_chinese_fts.sql:80: ERROR:  unknown text search configuration: klingon
    to_tsvector    
-------------------
 'test':4 'this':1
(1 row)

                                              QUERY PLAN                                               
-------------------------------------------------------------------------------------------------------
 Filter  (cost=0.00..14.33 rows=333 width=120)
   Filter: (to_tsvector('chinese'::text, content) @@ plainto_tsquery('chinese'::text, '数据库'::text))
   ->  Seq Scan on articles  (cost=0.00..11.00 rows=1000 width=120)
(3 rows)

