?column?
BEFORE_TABLE=1
(1 row)
?column?
BEFORE_V1=1
(1 row)
?column?
BEFORE_V2=1
(1 row)
?column?
BEFORE_UNREL=1
(1 row)
?column?
AFTER_V1=0
(1 row)
?column?
AFTER_V2=0
(1 row)
?column?
AFTER_UNREL=1
(1 row)
answer
42
(1 row)
?column?
MID_V2=0
(1 row)
?column?
MID_V3=0
(1 row)
?column?
MID_TABLE=1
(1 row)
?column?
SHORT_VIEW=1
(1 row)
id
(0 rows)
ERROR:  relation "cycle_v2" does not exist
LINE 1: CREATE VIEW cycle_v1 AS SELECT * FROM cycle_v2;
                                              ^
ERROR:  relation "cycle_v1" does not exist
LINE 1: CREATE VIEW cycle_v2 AS SELECT * FROM cycle_v1;
                                              ^
ERROR:  view "cycle_v1" does not exist
?column?
CYCLE_V1=0
(1 row)
?column?
CYCLE_V2=0
(1 row)
?column?
CTE_VIEW=1
(1 row)
id
42
(1 row)
?column?
MULTI_V1=0
(1 row)
?column?
MULTI_V2=0
(1 row)
ERROR:  relation "self_v" does not exist
LINE 1: CREATE VIEW self_v AS SELECT * FROM self_v;
                                            ^
ERROR:  view "self_v" does not exist
?column?
SELF_V=0
(1 row)
?column?
MULTI_MV1=0
(1 row)
?column?
MULTI_MV2=0
(1 row)
?column?
RC_VIEW=1
(1 row)
rc_count
10
(1 row)
?column?
LT_VIEW=0
(1 row)
?column?
NW_VIEW=0
(1 row)
?column?
CS_VIEW=0
(1 row)
