ERROR:  relation "idx_224_shared" already exists
ERROR:  relation "t224_a_pkey" already exists
ERROR:  relation "t224_a" already exists
ERROR:  relation "t224_v" already exists
ERROR:  relation "t224_seq" already exists
ERROR:  relation "t224_pk_view" already exists
ERROR:  constraint "t224_uc_old" for table "t224_a" does not exist
ERROR:  relation "t224_uc_old" already exists
result
index namespace tests completed
(1 row)
