v
1
(1 row)
v
1
(1 row)
v
1
(1 row)
v
1
(1 row)
v
1
(1 row)
v
2
(1 row)
id
1500
(1 row)
id
1500
(1 row)
id
1500
(1 row)
id
1500
(1 row)
id
1500
(1 row)
id
1500
(1 row)
id
1500
(1 row)
id
2
3
(2 rows)
id
2
3
(2 rows)
count
1
(1 row)
count
1
(1 row)
count
1
(1 row)
count
1
(1 row)
count
1
(1 row)
count
1
(1 row)
