to_regtype
1007
(1 row)
to_regtype
1000
(1 row)
to_regtype
1009
(1 row)
to_regtype
NULL
(1 row)
to_regtype
1007
(1 row)
to_regtype
NULL
(1 row)
to_regtype
1186
(1 row)
to_regtype
1186
(1 row)
to_regtype
1186
(1 row)
to_regtype
1186
(1 row)
ERROR:  invalid type name "interval garbage"
ERROR:  invalid type name "interval(abc)"
to_regtype
1186
(1 row)
ERROR:  invalid type name "interval(2147483648)"
ERROR:  invalid type name "interval(-1)"
to_regtype
NULL
(1 row)
to_regtype
NULL
(1 row)
to_regtype
NULL
(1 row)
to_regtype
23
(1 row)
to_regtype
1186
(1 row)
to_regtype
1186
(1 row)
SET
to_regtype
NULL
(1 row)
SET
to_regtype
23
(1 row)
to_regtype
1007
(1 row)
to_regtype
NULL
(1 row)
to_regtype
NULL
(1 row)
to_regtype
1043
(1 row)
