id|required_col|optional_col
1|valid|NULL
2|also valid|NULL
(2 rows)
id|age|price|status
1|25|99.99|active
2|0|0.01|inactive
3|NULL|NULL|NULL
(3 rows)
id|age|price|status
1|30|99.99|active
2|0|0.01|inactive
3|NULL|NULL|NULL
(3 rows)
psql:/home/dongxu/lab/pg-tikv/tests/27_constraints.sql:13: ERROR:  null value in column "required_col" of relation "not_null_test" violates not-null constraint
DETAIL:  Failing row contains (3, NULL, NULL).
psql:/home/dongxu/lab/pg-tikv/tests/27_constraints.sql:15: ERROR:  null value in column "required_col" of relation "not_null_test" violates not-null constraint
DETAIL:  Failing row contains (4, NULL, missing required).
psql:/home/dongxu/lab/pg-tikv/tests/27_constraints.sql:17: ERROR:  null value in column "required_col" of relation "not_null_test" violates not-null constraint
DETAIL:  Failing row contains (1, NULL, NULL).
psql:/home/dongxu/lab/pg-tikv/tests/27_constraints.sql:37: ERROR:  new row for relation "check_test" violates check constraint "check_test_check1"
DETAIL:  Failing row contains (4, -1, 10, active).
psql:/home/dongxu/lab/pg-tikv/tests/27_constraints.sql:38: ERROR:  new row for relation "check_test" violates check constraint "check_test_check2"
DETAIL:  Failing row contains (5, 30, 0, active).
psql:/home/dongxu/lab/pg-tikv/tests/27_constraints.sql:39: ERROR:  new row for relation "check_test" violates check constraint "check_test_check3"
DETAIL:  Failing row contains (6, 30, 10, deleted).
psql:/home/dongxu/lab/pg-tikv/tests/27_constraints.sql:44: ERROR:  new row for relation "check_test" violates check constraint "check_test_check1"
DETAIL:  Failing row contains (1, -5, 99.99, active).
