psql:/tmp/tipg-tests/tests/32_advanced_procedures.sql:3: NOTICE:  procedure inventory_restock() does not exist, skipping
DROP PROCEDURE
psql:/tmp/tipg-tests/tests/32_advanced_procedures.sql:4: NOTICE:  procedure apply_discount() does not exist, skipping
DROP PROCEDURE
psql:/tmp/tipg-tests/tests/32_advanced_procedures.sql:5: NOTICE:  procedure archive_orders() does not exist, skipping
DROP PROCEDURE
psql:/tmp/tipg-tests/tests/32_advanced_procedures.sql:6: NOTICE:  procedure batch_update_prices() does not exist, skipping
DROP PROCEDURE
psql:/tmp/tipg-tests/tests/32_advanced_procedures.sql:7: NOTICE:  procedure calculate_commission() does not exist, skipping
DROP PROCEDURE
psql:/tmp/tipg-tests/tests/32_advanced_procedures.sql:8: NOTICE:  procedure process_refund() does not exist, skipping
DROP PROCEDURE
psql:/tmp/tipg-tests/tests/32_advanced_procedures.sql:9: NOTICE:  procedure daily_summary() does not exist, skipping
DROP PROCEDURE
psql:/tmp/tipg-tests/tests/32_advanced_procedures.sql:10: NOTICE:  procedure cascade_delete() does not exist, skipping
DROP PROCEDURE
psql:/tmp/tipg-tests/tests/32_advanced_procedures.sql:11: NOTICE:  procedure audit_log() does not exist, skipping
DROP PROCEDURE
psql:/tmp/tipg-tests/tests/32_advanced_procedures.sql:12: NOTICE:  procedure reset_sequence() does not exist, skipping
DROP PROCEDURE
psql:/tmp/tipg-tests/tests/32_advanced_procedures.sql:13: NOTICE:  procedure update_order_status() does not exist, skipping
DROP PROCEDURE
psql:/tmp/tipg-tests/tests/32_advanced_procedures.sql:14: NOTICE:  procedure log_event() does not exist, skipping
DROP PROCEDURE
psql:/tmp/tipg-tests/tests/32_advanced_procedures.sql:15: NOTICE:  procedure cleanup_product() does not exist, skipping
DROP PROCEDURE
psql:/tmp/tipg-tests/tests/32_advanced_procedures.sql:17: NOTICE:  table "audit_trail" does not exist, skipping
DROP TABLE
psql:/tmp/tipg-tests/tests/32_advanced_procedures.sql:18: NOTICE:  table "order_archive" does not exist, skipping
DROP TABLE
psql:/tmp/tipg-tests/tests/32_advanced_procedures.sql:19: NOTICE:  table "order_details" does not exist, skipping
DROP TABLE
DROP TABLE
psql:/tmp/tipg-tests/tests/32_advanced_procedures.sql:21: NOTICE:  table "adv_products" does not exist, skipping
DROP TABLE
psql:/tmp/tipg-tests/tests/32_advanced_procedures.sql:22: NOTICE:  table "adv_customers" does not exist, skipping
DROP TABLE
psql:/tmp/tipg-tests/tests/32_advanced_procedures.sql:23: NOTICE:  table "sales_reps" does not exist, skipping
DROP TABLE
CREATE TABLE
CREATE TABLE
CREATE TABLE
CREATE TABLE
CREATE TABLE
CREATE TABLE
CREATE TABLE
INSERT 0 5
INSERT 0 4
INSERT 0 5
INSERT 0 6
INSERT 0 3
psql:/tmp/tipg-tests/tests/32_advanced_procedures.sql:128: ERROR:  syntax error at or near "BEGIN"
LINE 2: AS BEGIN
           ^
    name    | total_qty 
------------+-----------
 Laptop Pro |        50
(1 row)

psql:/tmp/tipg-tests/tests/32_advanced_procedures.sql:133: ERROR:  procedure inventory_restock(integer, integer) does not exist
LINE 1: CALL inventory_restock(1, 25);
             ^
HINT:  No procedure matches the given name and argument types. You might need to add explicit type casts.
    name    | total_qty 
------------+-----------
 Laptop Pro |        50
(1 row)

psql:/tmp/tipg-tests/tests/32_advanced_procedures.sql:144: ERROR:  syntax error at or near "BEGIN"
LINE 2: AS BEGIN
           ^
 id |    name    |  tier  | unit_price | discount_pct 
----+------------+--------+------------+--------------
  3 | StartupXYZ | Silver |        250 |            0
  6 | SmallBiz   | Bronze |         25 |            0
(2 rows)

psql:/tmp/tipg-tests/tests/32_advanced_procedures.sql:151: ERROR:  procedure apply_discount(unknown, integer) does not exist
LINE 1: CALL apply_discount('Silver', 10);
             ^
HINT:  No procedure matches the given name and argument types. You might need to add explicit type casts.
psql:/tmp/tipg-tests/tests/32_advanced_procedures.sql:152: ERROR:  procedure apply_discount(unknown, integer) does not exist
LINE 1: CALL apply_discount('Bronze', 5);
             ^
HINT:  No procedure matches the given name and argument types. You might need to add explicit type casts.
 id |    name    |  tier  | unit_price | discount_pct 
----+------------+--------+------------+--------------
  3 | StartupXYZ | Silver |        250 |            0
  6 | SmallBiz   | Bronze |         25 |            0
(2 rows)

psql:/tmp/tipg-tests/tests/32_advanced_procedures.sql:163: ERROR:  syntax error at or near "BEGIN"
LINE 2: AS BEGIN
           ^
  status   | cnt 
-----------+-----
 completed |   3
 pending   |   2
 shipped   |   1
(3 rows)

psql:/tmp/tipg-tests/tests/32_advanced_procedures.sql:167: ERROR:  procedure update_order_status(unknown, unknown) does not exist
LINE 1: CALL update_order_status('pending', 'processing');
             ^
HINT:  No procedure matches the given name and argument types. You might need to add explicit type casts.
  status   | cnt 
-----------+-----
 completed |   3
 pending   |   2
 shipped   |   1
(3 rows)

psql:/tmp/tipg-tests/tests/32_advanced_procedures.sql:175: ERROR:  syntax error at or near "BEGIN"
LINE 2: AS BEGIN
           ^
      name      |  category   | price 
----------------+-------------+-------
 Laptop Pro     | Electronics |  1200
 Wireless Mouse | Electronics |    30
 USB Hub        | Electronics |    25
(3 rows)

psql:/tmp/tipg-tests/tests/32_advanced_procedures.sql:179: ERROR:  procedure batch_update_prices(unknown, integer) does not exist
LINE 1: CALL batch_update_prices('Electronics', 15);
             ^
HINT:  No procedure matches the given name and argument types. You might need to add explicit type casts.
      name      |  category   | price 
----------------+-------------+-------
 Laptop Pro     | Electronics |  1200
 Wireless Mouse | Electronics |    30
 USB Hub        | Electronics |    25
(3 rows)

psql:/tmp/tipg-tests/tests/32_advanced_procedures.sql:189: ERROR:  syntax error at or near "BEGIN"
LINE 2: AS BEGIN
           ^
    name    | total_sales | total_commission 
------------+-------------+------------------
 John Smith |           0 |                0
 Jane Doe   |           0 |                0
 Bob Wilson |           0 |                0
(3 rows)

psql:/tmp/tipg-tests/tests/32_advanced_procedures.sql:193: ERROR:  procedure calculate_commission(integer, integer) does not exist
LINE 1: CALL calculate_commission(1, 10000);
             ^
HINT:  No procedure matches the given name and argument types. You might need to add explicit type casts.
psql:/tmp/tipg-tests/tests/32_advanced_procedures.sql:194: ERROR:  procedure calculate_commission(integer, integer) does not exist
LINE 1: CALL calculate_commission(2, 15000);
             ^
HINT:  No procedure matches the given name and argument types. You might need to add explicit type casts.
psql:/tmp/tipg-tests/tests/32_advanced_procedures.sql:195: ERROR:  procedure calculate_commission(integer, integer) does not exist
LINE 1: CALL calculate_commission(3, 8000);
             ^
HINT:  No procedure matches the given name and argument types. You might need to add explicit type casts.
    name    | total_sales | total_commission 
------------+-------------+------------------
 John Smith |           0 |                0
 Jane Doe   |           0 |                0
 Bob Wilson |           0 |                0
(3 rows)

psql:/tmp/tipg-tests/tests/32_advanced_procedures.sql:203: ERROR:  syntax error at or near "BEGIN"
LINE 2: AS BEGIN
           ^
 id | status  
----+---------
  3 | pending
(1 row)

psql:/tmp/tipg-tests/tests/32_advanced_procedures.sql:207: ERROR:  procedure process_refund(integer) does not exist
LINE 1: CALL process_refund(3);
             ^
HINT:  No procedure matches the given name and argument types. You might need to add explicit type casts.
 id | status  
----+---------
  3 | pending
(1 row)

psql:/tmp/tipg-tests/tests/32_advanced_procedures.sql:216: ERROR:  syntax error at or near "BEGIN"
LINE 2: AS BEGIN
           ^
psql:/tmp/tipg-tests/tests/32_advanced_procedures.sql:218: ERROR:  procedure log_event(unknown, unknown, integer) does not exist
LINE 1: CALL log_event('order_details', 'VIEW', 1);
             ^
HINT:  No procedure matches the given name and argument types. You might need to add explicit type casts.
psql:/tmp/tipg-tests/tests/32_advanced_procedures.sql:219: ERROR:  procedure log_event(unknown, unknown, integer) does not exist
LINE 1: CALL log_event('adv_products', 'UPDATE', 2);
             ^
HINT:  No procedure matches the given name and argument types. You might need to add explicit type casts.
 id | table_name | operation | record_id | old_value | new_value | changed_at 
----+------------+-----------+-----------+-----------+-----------+------------
(0 rows)

psql:/tmp/tipg-tests/tests/32_advanced_procedures.sql:228: ERROR:  syntax error at or near "BEGIN"
LINE 2: AS BEGIN
           ^
 product_count 
---------------
             5
(1 row)

 order_count 
-------------
           1
(1 row)

psql:/tmp/tipg-tests/tests/32_advanced_procedures.sql:233: ERROR:  procedure cleanup_product(integer) does not exist
LINE 1: CALL cleanup_product(5);
             ^
HINT:  No procedure matches the given name and argument types. You might need to add explicit type casts.
 product_count 
---------------
             5
(1 row)

 order_count 
-------------
           1
(1 row)

psql:/tmp/tipg-tests/tests/32_advanced_procedures.sql:243: ERROR:  syntax error at or near "BEGIN"
LINE 2: AS BEGIN
           ^
psql:/tmp/tipg-tests/tests/32_advanced_procedures.sql:245: ERROR:  procedure audit_log(unknown, unknown, integer, unknown, unknown) does not exist
LINE 1: CALL audit_log('adv_customers', 'UPDATE', 1, 'tier=Gold', 't...
             ^
HINT:  No procedure matches the given name and argument types. You might need to add explicit type casts.
psql:/tmp/tipg-tests/tests/32_advanced_procedures.sql:246: ERROR:  procedure audit_log(unknown, unknown, integer, unknown, unknown) does not exist
LINE 1: CALL audit_log('adv_products', 'INSERT', 6, '', 'name=NewPro...
             ^
HINT:  No procedure matches the given name and argument types. You might need to add explicit type casts.
psql:/tmp/tipg-tests/tests/32_advanced_procedures.sql:247: ERROR:  procedure audit_log(unknown, unknown, integer, unknown, unknown) does not exist
LINE 1: CALL audit_log('inventory', 'DELETE', 99, 'qty=100', '');
             ^
HINT:  No procedure matches the given name and argument types. You might need to add explicit type casts.
 id | table_name | operation | record_id | old_value | new_value | changed_at 
----+------------+-----------+-----------+-----------+-----------+------------
(0 rows)

        stage         
----------------------
 Before chained calls
(1 row)

    name    | stock 
------------+-------
 Laptop Pro |    50
(1 row)

    name    | total_sales 
------------+-------------
 John Smith |           0
(1 row)

psql:/tmp/tipg-tests/tests/32_advanced_procedures.sql:256: ERROR:  procedure inventory_restock(integer, integer) does not exist
LINE 1: CALL inventory_restock(1, 10);
             ^
HINT:  No procedure matches the given name and argument types. You might need to add explicit type casts.
psql:/tmp/tipg-tests/tests/32_advanced_procedures.sql:257: ERROR:  procedure calculate_commission(integer, integer) does not exist
LINE 1: CALL calculate_commission(1, 5000);
             ^
HINT:  No procedure matches the given name and argument types. You might need to add explicit type casts.
psql:/tmp/tipg-tests/tests/32_advanced_procedures.sql:258: ERROR:  procedure audit_log(unknown, unknown, integer, unknown, unknown) does not exist
LINE 1: CALL audit_log('test', 'CHAIN', 1, 'test1', 'test2');
             ^
HINT:  No procedure matches the given name and argument types. You might need to add explicit type casts.
        stage        
---------------------
 After chained calls
(1 row)

    name    | stock 
------------+-------
 Laptop Pro |    50
(1 row)

    name    | total_sales 
------------+-------------
 John Smith |           0
(1 row)

      report      
------------------
 Final Statistics
(1 row)

 total_products 
----------------
              5
(1 row)

 total_customers 
-----------------
               4
(1 row)

 total_orders 
--------------
            6
(1 row)

 archived_orders 
-----------------
               0
(1 row)

 audit_entries 
---------------
             0
(1 row)

 total_commissions 
-------------------
                 0
(1 row)

psql:/tmp/tipg-tests/tests/32_advanced_procedures.sql:274: NOTICE:  procedure inventory_restock() does not exist, skipping
DROP PROCEDURE
psql:/tmp/tipg-tests/tests/32_advanced_procedures.sql:275: NOTICE:  procedure apply_discount() does not exist, skipping
DROP PROCEDURE
psql:/tmp/tipg-tests/tests/32_advanced_procedures.sql:276: NOTICE:  procedure archive_orders() does not exist, skipping
DROP PROCEDURE
psql:/tmp/tipg-tests/tests/32_advanced_procedures.sql:277: NOTICE:  procedure batch_update_prices() does not exist, skipping
DROP PROCEDURE
psql:/tmp/tipg-tests/tests/32_advanced_procedures.sql:278: NOTICE:  procedure calculate_commission() does not exist, skipping
DROP PROCEDURE
psql:/tmp/tipg-tests/tests/32_advanced_procedures.sql:279: NOTICE:  procedure process_refund() does not exist, skipping
DROP PROCEDURE
psql:/tmp/tipg-tests/tests/32_advanced_procedures.sql:280: NOTICE:  procedure daily_summary() does not exist, skipping
DROP PROCEDURE
psql:/tmp/tipg-tests/tests/32_advanced_procedures.sql:281: NOTICE:  procedure cascade_delete() does not exist, skipping
DROP PROCEDURE
psql:/tmp/tipg-tests/tests/32_advanced_procedures.sql:282: NOTICE:  procedure audit_log() does not exist, skipping
DROP PROCEDURE
DROP TABLE
DROP TABLE
DROP TABLE
DROP TABLE
DROP TABLE
DROP TABLE
DROP TABLE
