test|id|name|balance
Before transfer|1|Alice|1000.00
Before transfer|2|Bob|500.00
(2 rows)
test|id|name|balance
After committed transfer|1|Alice|800.00
After committed transfer|2|Bob|700.00
(2 rows)
test|total
Total balance should be 1500|1500.00
(1 row)
psql:/tmp/tipg-tests/tests/33_transaction_consistency.sql:64: ERROR:  new row for relation "accounts" violates check constraint "accounts_balance_check"
DETAIL:  Failing row contains (1, Alice, -9199.00, 2).
psql:/tmp/tipg-tests/tests/33_transaction_consistency.sql:65: ERROR:  current transaction is aborted, commands ignored until end of transaction block
test|id|name|balance
After rollback - should be same as before|1|Alice|800.00
After rollback - should be same as before|2|Bob|700.00
(2 rows)
test
Testing CHECK constraint on negative balance
(1 row)
psql:/tmp/tipg-tests/tests/33_transaction_consistency.sql:77: ERROR:  new row for relation "accounts" violates check constraint "accounts_balance_check"
DETAIL:  Failing row contains (1, Alice, -100.00, 2).
test|id|balance
Balance after constraint violation attempt|1|800.00
(1 row)
psql:/tmp/tipg-tests/tests/33_transaction_consistency.sql:86: ERROR:  new row for relation "accounts" violates check constraint "accounts_balance_check"
DETAIL:  Failing row contains (3, Charlie, -10.00, 1).
test|balance
Charlie balance after overdraft attempts|100.00
(1 row)
test|id|balance|version
Multi-operation transfer result|1|850.00|3
Multi-operation transfer result|2|650.00|3
(2 rows)
test|log_count
Transfer log entries|2
(1 row)
test|total
Total still 1500 (accounts 1+2)|1500.00
(1 row)
test|product_id|quantity|reserved
Initial inventory|101|100|0
(1 row)
test|product_id|quantity|reserved|available
After reservation|101|100|10|90
(1 row)
test|order_id|product_id|quantity|status
Order created|1|101|10|reserved
(1 row)
test|product_id|quantity|reserved
After fulfillment|101|90|0
(1 row)
test|order_id|status
Order status|1|fulfilled
(1 row)
test|product_id|quantity
Before rollback test|101|90
(1 row)
test|quantity
Inside transaction|0
(1 row)
test|quantity
After rollback - quantity restored|90
(1 row)
test|count
Order count (should not include rolled back)|0
(1 row)
test|count
Parents after nested insert|2
(1 row)
test|count
Children after nested insert|3
(1 row)
test|name|total_value
Children with parent|Parent 1|300
Children with parent|Parent 2|300
(2 rows)
test|id|value
After subquery update|1|200
After subquery update|2|400
(2 rows)
test|count
Parents after cascading delete|1
(1 row)
test|count
Children after cascading delete|2
(1 row)
test|balance
Read balance|1000.00
(1 row)
test|balance
Balance after update in same txn|1500.00
(1 row)
test|balance
Balance after second update|1300.00
(1 row)
test|balance
Final balance after commit|1300.00
(1 row)
test|total
Initial total|1000.00
(1 row)
test|total
Total in transaction (should still be 1500)|950.00
(1 row)
test|total
Total after commit (should be 1500)|950.00
(1 row)
test
Empty transactions completed
(1 row)
account_count
2
(1 row)
total_balance
950.00
(1 row)
avg_balance
475.0000000000000000
(1 row)
test
Read-only transaction completed
(1 row)
test|count
Batch insert count|10
(1 row)
test|count
Count after rollback (should be 10)|10
(1 row)
test|id|data
Sample updated rows|1|updated_row1
Sample updated rows|2|updated_row2
Sample updated rows|3|updated_row3
(3 rows)
test|count
After delete in txn|0
(1 row)
test|count
After delete and insert|1
(1 row)
test|id|data
New row|100|new_row
(1 row)
test|count
After sequential transactions|4
(1 row)
result
All transaction consistency tests completed
(1 row)
