schema_name
information_schema
public
(2 rows)
table_name|table_type
customers|BASE TABLE
orders|BASE TABLE
(2 rows)
table_name|column_name|data_type|is_nullable|column_default
customers|id|integer|NO|nextval('public.customers_id_seq'::regclass)
customers|name|character varying|NO|NULL
customers|email|character varying|YES|NULL
customers|status|character varying|YES|'active'
(4 rows)
table_name|column_name|data_type|is_nullable
orders|id|integer|NO
orders|customer_id|integer|NO
orders|total|double precision|NO
orders|created_at|timestamp without time zone|YES
(4 rows)
constraint_name|constraint_type
customers_check1|CHECK
customers_pkey|PRIMARY KEY
customers_email_key|UNIQUE
customers_email_key|UNIQUE
(4 rows)
constraint_name|constraint_type
orders_customer_id_fkey|FOREIGN KEY
orders_pkey|PRIMARY KEY
(2 rows)
constraint_name|column_name
customers_email_key|email
customers_pkey|id
(2 rows)
constraint_name|column_name|position_in_unique_constraint
orders_customer_id_fkey|customer_id|1
(1 row)
constraint_name|unique_constraint_name|delete_rule|update_rule
orders_customer_id_fkey|customers_pkey|CASCADE|NO ACTION
(1 row)
constraint_name|check_clause
(0 rows)
count
0
(1 row)
