column_name|data_type|udt_schema|udt_name
id|integer|pg_catalog|integer
r|USER-DEFINED|public|role
(2 rows)
typname|typtype|typcategory|enumlabel|enumsortorder
role|e|E|USER|1
role|e|E|ADMIN|2
(2 rows)
attname|typname
r|role
(1 row)
typname|typtype
comp|c
(1 row)
psql:/home/dongxu/lab/pg-tikv/tests/39_enum_types.sql:16: ERROR:  invalid input value for enum public.role: "INVALID"
psql:/home/dongxu/lab/pg-tikv/tests/39_enum_types.sql:39: ERROR:  cannot drop type public.role because column public.udt_enum_test.r depends on it
psql:/home/dongxu/lab/pg-tikv/tests/39_enum_types.sql:48: ERROR:  composite type 'public.comp' cannot be used as a column type
