setval
42
(1 row)
ERROR:  lastval is not yet defined in this session
nextval
5
(1 row)
currval
5
(1 row)
setval
10
(1 row)
setval
20
(1 row)
nextval
20
(1 row)
nextval
3
(1 row)
nextval
1
(1 row)
lastval
1
(1 row)
nextval
100
(1 row)
lastval
100
(1 row)
currval
1
(1 row)
setval
50
(1 row)
currval
50
(1 row)
lastval
100
(1 row)
setval
200
(1 row)
currval
50
(1 row)
lastval
100
(1 row)
nextval
2
(1 row)
ERROR:  currval of sequence "seq_lastval_s3" is not yet defined in this session
nextval
1
(1 row)
setval
999
(1 row)
lastval
1
(1 row)
