get_answer
42
(1 row)
add_numbers
30
(1 row)
calculate_sum
10
(1 row)
check_sign
positive
(1 row)
check_sign
negative
(1 row)
check_sign
zero
(1 row)
must_be_positive
10
(1 row)
double_it
14
(1 row)
?column?
The answer is: 42
(1 row)
val
30
40
50
(3 rows)
grade_score
A
(1 row)
grade_score
B
(1 row)
grade_score
C
(1 row)
grade_score
D
(1 row)
grade_score
F
(1 row)
swap_and_sum
10
(1 row)
greet
Hello, World!
(1 row)
greet
Hello, PostgreSQL!
(1 row)
is_even
t
(1 row)
is_even
f
(1 row)
maybe_null
5
(1 row)
maybe_null
NULL
(1 row)
circle_area
12.5663600
(1 row)
sql_multiply
42
(1 row)
val|even
10|t
20|t
30|t
40|t
50|t
(5 rows)
val|parity
10|even
20|even
30|even
40|even
50|even
(5 rows)
add_numbers
10
(1 row)
with_default
100
(1 row)
my_abs
5
(1 row)
my_abs
--5
(1 row)
my_abs
0
(1 row)
my_max
20
(1 row)
my_max
30
(1 row)
my_max
7
(1 row)
simple_factorial
1
(1 row)
simple_factorial
6
(1 row)
simple_factorial
120
(1 row)
