?column?
IDXDEF=ix_t_a_partial:create index ix_t_a_partial on public.ix_t using btree (a) where a is not null
IDXDEF=ix_t_expr_lower:create index ix_t_expr_lower on public.ix_t using btree ((lower(b)))
IDXDEF=ix_t_gin:create index ix_t_gin on public.ix_t using gin (b)
IDXDEF=ix_t_gist:create index ix_t_gist on public.ix_t using gist (a)
IDXDEF=ix_t_pkey:create unique index ix_t_pkey on public.ix_t using btree (id)
(5 rows)
?column?
AM=403:btree
AM=405:hash
AM=783:gist
AM=2742:gin
AM=3580:brin
AM=4000:spgist
(6 rows)
?column?
PG_GET_INDEXDEF=create index ix_t_a_partial on public.ix_t using btree (a) where a is not null
(1 row)
?column?
PG_GET_INDEXDEF_STANDALONE=create index ix_t_a_partial on public.ix_t using btree (a) where a is not null
(1 row)
