ERROR:  data type text has no default operator class for access method "gin"
HINT:  You must specify an operator class for the index or define a default operator class for the data type.
ERROR:  access method "gist" is not supported
HINT:  Only btree, gin, and hnsw indexes are currently supported.
?column?
IDXDEF=ix_t_a_partial:create index ix_t_a_partial on public.ix_t using btree (a) where (a is not null)
IDXDEF=ix_t_expr_lower:create index ix_t_expr_lower on public.ix_t using btree (lower(b))
IDXDEF=ix_t_pkey:create unique index ix_t_pkey on public.ix_t using btree (id)
(3 rows)
?column?
AM=2:heap
AM=403:btree
AM=405:hash
AM=783:gist
AM=2742:gin
AM=3580:brin
AM=4000:spgist
(7 rows)
ERROR:  column "indexdef" does not exist
LINE 3: WHERE indexdef ILIKE '%ix_t_a_partial%'
              ^
HINT:  Perhaps you meant to reference the column "pg_index.indexprs".
ERROR:  column "indexdef" does not exist
LINE 7:                 WHERE indexdef ILIKE '%ix_t_a_partial%'
                              ^
HINT:  Perhaps you meant to reference the column "pg_index.indexprs".
