?column?
PARTIAL_INDEX=1
(1 row)
?column?
EXPR_INDEX=1
(1 row)
ERROR:  column "idx_test.name" must appear in the GROUP BY clause or be used in an aggregate function
LINE 1: ...agg(name, ',') FROM idx_test WHERE status = 1 ORDER BY name;
                                                                  ^
ERROR:  column "idx_test.name" must appear in the GROUP BY clause or be used in an aggregate function
LINE 1: ...agg(name, ',') FROM idx_test WHERE status = 1 ORDER BY name;
                                                                  ^
ERROR:  column "idx_test.name" must appear in the GROUP BY clause or be used in an aggregate function
LINE 1: ...agg(name, ',') FROM idx_test WHERE status = 1 ORDER BY name;
                                                                  ^
