name|order_id|order_date
Alice|1|2024-01-15
Alice|2|2024-02-20
Bob|3|2024-01-25
(3 rows)
name|order_id
Alice|1
Alice|2
Bob|3
Charlie|NULL
Diana|NULL
(5 rows)
name|order_id
Alice|1
Alice|2
Bob|3
NULL|4
(4 rows)
name|order_id
NULL|4
Alice|1
Alice|2
Bob|3
Charlie|NULL
Diana|NULL
(6 rows)
name|product_name
Alice|Gadget
Alice|Gizmo
Alice|Widget
(3 rows)
name|order_id|product_id|product_name|quantity
Alice|1|2|Gadget|1
Alice|1|1|Widget|2
Alice|2|1|Widget|3
Bob|3|3|Gizmo|5
(4 rows)
name|order_count|total_items
Alice|3|6
Bob|1|5
Charlie|0|0
Diana|0|0
(4 rows)
name
Alice
Bob
(2 rows)
name
Charlie
Diana
(2 rows)
name
Alice
Bob
(2 rows)
result
JOIN tests completed
(1 row)
