pg_advisory_lock

(1 row)
pg_advisory_unlock
t
(1 row)
pg_try_advisory_lock
t
(1 row)
pg_advisory_unlock
t
(1 row)
pg_advisory_lock

(1 row)
pg_advisory_unlock
t
(1 row)
pg_advisory_lock

(1 row)
pg_advisory_lock

(1 row)
pg_advisory_unlock
t
(1 row)
pg_advisory_unlock
t
(1 row)
pg_advisory_unlock
f
(1 row)
pg_advisory_xact_lock

(1 row)
pg_advisory_xact_lock_shared

(1 row)
pg_advisory_xact_lock

(1 row)
pg_try_advisory_xact_lock
t
(1 row)
pg_try_advisory_xact_lock_shared
t
(1 row)
pg_advisory_lock

(1 row)
pg_advisory_lock

(1 row)
pg_advisory_unlock_all

(1 row)
pg_advisory_unlock
f
(1 row)
pg_advisory_lock

(1 row)
pg_try_advisory_lock
NULL
(1 row)
pg_advisory_unlock
NULL
(1 row)
pg_advisory_lock_shared

(1 row)
pg_advisory_lock_shared

(1 row)
pg_advisory_unlock_shared
t
(1 row)
pg_advisory_unlock_shared
t
(1 row)
pg_advisory_lock

(1 row)
pg_try_advisory_lock_shared
t
(1 row)
pg_advisory_unlock
t
(1 row)
pg_advisory_unlock_shared
t
(1 row)
pg_advisory_lock_shared

(1 row)
pg_try_advisory_lock
t
(1 row)
pg_advisory_unlock_shared
t
(1 row)
pg_advisory_unlock
t
(1 row)
pg_advisory_lock

(1 row)
pg_advisory_unlock
t
(1 row)
pg_advisory_xact_lock

(1 row)
pg_try_advisory_xact_lock
t
(1 row)
pg_advisory_xact_lock

(1 row)
pg_advisory_xact_lock

(1 row)
pg_try_advisory_xact_lock
t
(1 row)
pg_try_advisory_xact_lock
t
(1 row)
pg_advisory_xact_lock

(1 row)
pg_advisory_xact_lock

(1 row)
pg_try_advisory_xact_lock
t
(1 row)
pg_try_advisory_xact_lock
t
(1 row)
pg_advisory_xact_lock_shared

(1 row)
pg_try_advisory_xact_lock
t
(1 row)
pg_try_advisory_xact_lock
t
(1 row)
pg_try_advisory_xact_lock
t
(1 row)
pg_advisory_xact_lock

(1 row)
pg_try_advisory_xact_lock
t
(1 row)
pg_advisory_lock

(1 row)
pg_advisory_unlock
t
(1 row)
