# unordered
test_section
=== 1. BASIC TABLE CREATION ===
(1 row)
result
Created movies and todos tables
(1 row)
test_section
=== 2. INSERT DATA ===
(1 row)
id|name|description
1|The Empire Strikes Back|After the Rebels are brutally overpowered by the Empire on the ice planet Hoth, Luke Skywalker begins Jedi training with Yoda.
2|Return of the Jedi|After a daring mission to rescue Han Solo from Jabba the Hutt, the Rebels dispatch to Endor to destroy the second Death Star.
(2 rows)
id|task|is_complete|created_at
1|Learn SQL|t|2024-01-15 10:30:00
2|Build an app|f|2024-01-15 10:30:00
3|Deploy to production|f|2024-01-15 10:30:00
(3 rows)
test_section
=== 3. FOREIGN KEYS ===
(1 row)
movie|category
The Empire Strikes Back|Sci-Fi
Return of the Jedi|Sci-Fi
(2 rows)
test_section
=== 4. ONE-TO-MANY JOINS ===
(1 row)
section|instrument
strings|viola
strings|violin
woodwinds|flute
woodwinds|oboe
(4 rows)
test_section
=== 5. MANY-TO-MANY JOINS ===
(1 row)
name|type|title|code|result
Anakin Skywalker|graduate|Authentication Theories|AUTH205|A
Anakin Skywalker|graduate|Introduction to Postgres|PG101|A-
Anakin Skywalker|graduate|Fundamentals of Supabase|SUP412|B-
Princess Leia|undergraduate|Introduction to Postgres|PG101|B+
Princess Leia|undergraduate|Fundamentals of Supabase|SUP412|A+
Yoda|graduate|Authentication Theories|AUTH205|A
(6 rows)
test_section
=== 6. MANY-TO-MANY TEAMS ===
(1 row)
team_name|member
Jedi Council|Princess Leia
Jedi Council|Yoda
Rebels|Anakin Skywalker
Rebels|Princess Leia
(4 rows)
test_section
=== 7. JSON/JSONB DATA ===
(1 row)
title|price_jsonb|low_age
Green Eggs and Ham|7.49|4
Harry Potter and the Goblet of Fire|24.95|10
The Poky Little Puppy|5.95|3
The Tale of Peter Rabbit|4.49|2
Tootle|3.99|2
(5 rows)
title|description|price_text
Green Eggs and Ham|Sam has changing food preferences and eats unusually colored food.|7.49
Harry Potter and the Goblet of Fire|Fourth year of school starts, big drama ensues.|24.95
The Poky Little Puppy|Puppy is slower than other, bigger animals.|5.95
(3 rows)
test_section
=== 8. VIEWS ===
(1 row)
name|type|title|code|result
Anakin Skywalker|graduate|Authentication Theories|AUTH205|A
Anakin Skywalker|graduate|Introduction to Postgres|PG101|A-
Anakin Skywalker|graduate|Fundamentals of Supabase|SUP412|B-
Princess Leia|undergraduate|Introduction to Postgres|PG101|B+
Princess Leia|undergraduate|Fundamentals of Supabase|SUP412|A+
Yoda|graduate|Authentication Theories|AUTH205|A
(6 rows)
test_section
=== 9. MATERIALIZED VIEWS ===
(1 row)
name|type|title|code|result
Anakin Skywalker|graduate|Authentication Theories|AUTH205|A
Anakin Skywalker|graduate|Introduction to Postgres|PG101|A-
Anakin Skywalker|graduate|Fundamentals of Supabase|SUP412|B-
Princess Leia|undergraduate|Introduction to Postgres|PG101|B+
Princess Leia|undergraduate|Fundamentals of Supabase|SUP412|A+
Yoda|graduate|Authentication Theories|AUTH205|A
(6 rows)
name|type|title|code|result
Yoda|graduate|Authentication Theories|AUTH205|A
Yoda|graduate|Introduction to Postgres|PG101|A+
(2 rows)
test_section
=== 10. AGGREGATE FUNCTIONS ===
(1 row)
name|course_count|all_grades
Anakin Skywalker|3|A, A-, B-
Princess Leia|2|B+, A+
Yoda|2|A, A+
(3 rows)
avg_price|min_price|max_price
9.374|3.99|24.95
(1 row)
test_section
=== 11. SUBQUERIES ===
(1 row)
name|course_count
Anakin Skywalker|3
(1 row)
test_section
=== 12. CASE EXPRESSIONS ===
(1 row)
title|price|price_tier
Tootle|3.99|Budget
The Tale of Peter Rabbit|4.49|Budget
The Poky Little Puppy|5.95|Standard
Green Eggs and Ham|7.49|Standard
Harry Potter and the Goblet of Fire|24.95|Premium
(5 rows)
test_section
=== 13. WINDOW FUNCTIONS ===
(1 row)
name|code|result|course_num|total_courses
Anakin Skywalker|AUTH205|A|1|3
Anakin Skywalker|PG101|A-|2|3
Anakin Skywalker|SUP412|B-|3|3
Princess Leia|PG101|B+|1|2
Princess Leia|SUP412|A+|2|2
Yoda|AUTH205|A|1|2
Yoda|PG101|A+|2|2
(7 rows)
test_section
=== 14. UPSERT ===
(1 row)
user_id|theme|notifications
1|light|t
(1 row)
user_id|theme|notifications
1|system|f
2|dark|t
(2 rows)
test_section
=== 15. CTE ===
(1 row)
name|course_count|most_popular_course
Anakin Skywalker|3|PG101
Princess Leia|2|PG101
Yoda|2|PG101
(3 rows)
test_section
=== 16. RECURSIVE CTE ===
(1 row)
name|level
CEO|1
VP Engineering|2
VP Sales|2
Lead Dev|3
Sales Rep|3
Senior Dev|4
(6 rows)
test_section
=== 17. DISTINCT ON ===
(1 row)
name|code|result
Anakin Skywalker|AUTH205|A
Princess Leia|PG101|B+
Yoda|AUTH205|A
(3 rows)
test_section
=== 18. COALESCE AND NULLIF ===
(1 row)
name|manager_status|non_ceo_manager
CEO|No Manager|NULL
VP Engineering|1|NULL
VP Sales|1|NULL
Lead Dev|2|2
Senior Dev|4|4
Sales Rep|3|3
(6 rows)
test_section
=== 19. STRING FUNCTIONS ===
(1 row)
title|author_upper|title_length|title_short|title_replaced
Green Eggs and Ham|DR. SEUSS|18|Green Eggs|Green Eggs and Ham
Harry Potter and the Goblet of Fire|J.K. ROWLING|35|Harry Pott|Harry Potter and THE Goblet of Fire
The Poky Little Puppy|JANETTE SEBRING LOWREY|21|The Poky L|The Poky Little Puppy
The Tale of Peter Rabbit|BEATRIX POTTER|24|The Tale o|The Tale of Peter Rabbit
Tootle|GERTRUDE CRAMPTON|6|Tootle|Tootle
(5 rows)
test_section
=== 20. DATE/TIME FUNCTIONS ===
(1 row)
task|created_at|created_date|year|month
Learn SQL|2024-01-15 10:30:00|2024-01-15|2024|1
Build an app|2024-01-15 10:30:00|2024-01-15|2024|1
Deploy to production|2024-01-15 10:30:00|2024-01-15|2024|1
(3 rows)
test_section
=== CLEANUP ===
(1 row)
final_result
All Supabase compatibility tests completed!
(1 row)
